// Jest Snapshot v1, https://goo.gl/fbAQLP

exports[`matches snapshot 1`] = `
<DocumentFragment>
  <div
    class="Certificate"
  >
    <img
      src="https://cdn.sanity.io/images/mock-id/mock-dataset/mock-100x100.jpg?rect=0,21,100,56&w=1200&h=675&fit=crop&auto=format"
    />
  </div>
</DocumentFragment>
`;
