// Jest Snapshot v1, https://goo.gl/fbAQLP

exports[`matches snapshot 1`] = `
<DocumentFragment>
  <div
    class="LearnMoreContainer"
  >
    <span
      class="LearnMoreText"
    >
      Interested in learning more?
    </span>
    <button
      class="ButtonBlue focus:outline-none focus:ring LearnMoreLink"
      type="button"
    >
      Contact Us
    </button>
  </div>
</DocumentFragment>
`;
