// Jest Snapshot v1, https://goo.gl/fbAQLP

exports[`matches snapshot 1`] = `
<DocumentFragment>
  <div
    class="SelectWrapper"
  >
    <select
      class="Select"
    />
    <div
      class="Arrow"
    >
      <svg
        class="fill-current h-4 w-4"
        viewBox="0 0 20 20"
        xmlns="http://www.w3.org/2000/svg"
      >
        <path
          d="M9.293 12.95l.707.707L15.657 8l-1.414-1.414L10 10.828 5.757 6.586 4.343 8z"
        />
      </svg>
    </div>
  </div>
</DocumentFragment>
`;
