// Jest Snapshot v1, https://goo.gl/fbAQLP

exports[`matches snapshot 1`] = `
<DocumentFragment>
  <label
    class="cursor-pointer inline-block rounded p-3 m-1 sm:m-2 focus:outline-none focus:shadow-outline shadow-md bg-white text-blue-dark"
  >
    <input
      class="sr-only"
      type="checkbox"
      value=""
    />
    <span>
      mock label
    </span>
  </label>
</DocumentFragment>
`;
