// Jest Snapshot v1, https://goo.gl/fbAQLP

exports[`matches snapshot 1`] = `
<DocumentFragment>
  <div
    class="Footer text-center text-gray-light p-5"
  >
    <div>
      <img
        alt="Bluebird Logo"
        class="w-40 inline-block"
        src="test-file-stub"
      />
    </div>
    <div>
      Bluebird Cabinetry and Design
    </div>
  </div>
  <div
    class="bg-gray-darkest p-2 text-xs text-center text-gray-light"
  >
    © 2020 Bluebird Cabinetry & Design LLC. All Rights Reserved.
  </div>
</DocumentFragment>
`;
