// Jest Snapshot v1, https://goo.gl/fbAQLP

exports[`matches snapshot 1`] = `
<DocumentFragment>
  <div
    class="ServicesContainer"
  >
    <div
      class="Container ServicesGrid"
    >
      <div
        class="grid grid-cols-2 sm:grid-cols-6"
      >
        <div
          class="IconContainer"
        >
          <test-file-stub
            classname="p-1 fill-current stroke-current inline-block fill-none stroke-3 h-12 mb-2 text-blue-dark"
          />
          <span>
            Cabinetry Design
            <br />
            & Sales
          </span>
        </div>
        <div
          class="IconContainer"
        >
          <test-file-stub
            classname="p-1 fill-current stroke-current inline-block fill-none stroke-3 h-12 mb-2 text-blue-dark"
          />
          <span>
            Remodeling
          </span>
        </div>
        <div
          class="IconContainer"
        >
          <test-file-stub
            classname="p-1 fill-current stroke-current inline-block fill-none stroke-3 h-12 mb-2 text-blue-dark"
          />
          <span>
            New Construction
          </span>
        </div>
        <div
          class="IconContainer"
        >
          <test-file-stub
            classname="p-1 fill-current stroke-current inline-block fill-none stroke-3 h-12 mb-2 text-blue-dark"
          />
          <span>
            Renderings
          </span>
        </div>
        <div
          class="IconContainer"
        >
          <test-file-stub
            classname="p-1 fill-current stroke-current inline-block fill-none stroke-3 h-12 mb-2 text-blue-dark"
          />
          <span>
            Material & Appliance Selections
          </span>
        </div>
        <div
          class="IconContainer"
        >
          <test-file-stub
            classname="p-1 fill-current stroke-current inline-block fill-none stroke-3 h-12 mb-2 text-blue-dark"
          />
          <span>
            Space Planning
            <br />
            & Layout
          </span>
        </div>
      </div>
    </div>
    <div
      class="Container text-center pb-8 pt-4"
    >
      <a
        class="ButtonBlue  focus:outline-none focus:ring"
        href="/services"
      >
        Services
      </a>
    </div>
  </div>
</DocumentFragment>
`;
