// Jest Snapshot v1, https://goo.gl/fbAQLP

exports[`matches snapshot 1`] = `
<DocumentFragment>
  <a
    class="sr-only"
    href="#content"
  >
    Skip to content
  </a>
  <div>
    <header
      class="Header"
    >
      <nav
        class="DesktopNav grid-cols-6 lg:grid-cols-8"
      >
        <div
          class="HeaderLogo col-span-1 lg:col-span-2"
        >
          <a
            href="/"
          >
            <img
              alt="Bluebird Logo"
              class="Logo "
              src="test-file-stub"
            />
          </a>
        </div>
        <div
          class="HeaderNav col-span-5 lg:col-span-6"
        >
          <a
            class="Link"
            href="/"
          >
            Home
          </a>
          <a
            class="Link"
            href="/about"
          >
            About
          </a>
          <a
            class="Link"
            href="/services"
          >
            Services
          </a>
          <a
            class="Link"
            href="/portfolio"
          >
            Portfolio
          </a>
          <a
            class="Link"
            href="/contact"
          >
            Contact
          </a>
        </div>
      </nav>
    </header>
    <main
      id="content"
      role="main"
    >
      <h1
        class="PageTitle"
      >
        Test Title
      </h1>
    </main>
    <div
      class="bg-gray-darker text-center text-gray-light p-5 text-sm leading-loose"
    >
      <div
        class="my-6"
      >
        <test-file-stub
          classname="p-1 fill-current stroke-current inline-block h-24 text-white stroke-none"
        />
      </div>
      <div
        class="my-6"
      >
        <div>
          <a
            class="underline"
            href="tel:1-513-668-4529"
          >
            (513) 668‐4529
          </a>
        </div>
        <div>
          <a
            class="underline text-sm sm:text-base"
            href="mailto:dana@bluebirdcabinetryanddesign.com"
          >
            dana@bluebirdcabinetryanddesign.com
          </a>
        </div>
        <div>
          <span
            class="text-sm sm:text-base"
          >
            Serving the 
            <a
              class="underline"
              href="https://en.wikipedia.org/wiki/Cincinnati_metropolitan_area"
            >
              Greater Cincinnati Ohio Tri-State Area
            </a>
          </span>
        </div>
      </div>
      <div
        class="my-6 flex items-center justify-center flex-wrap"
      >
        <a
          class="mx-2"
          href="https://www.facebook.com/kitchenandbathdesigner/"
        >
          <test-file-stub
            classname="p-1 fill-current stroke-current inline-block h-12 text-white"
          />
          <span
            class="sr-only"
          >
            Facebook
          </span>
        </a>
        <a
          class="mx-2 underline"
          href="/trade-services"
        >
          To The Trade Services
        </a>
        <button
          class="ButtonWhite focus:outline-none focus:ring mb-5 mx-5 my-6"
          type="button"
        >
          Contact Us
        </button>
      </div>
      <div
        class="my-6 flex items-center justify-center flex-wrap"
      >
        <a
          class="mx-2"
          href="https://nkba.org/dana-snyder"
        >
          <test-file-stub
            classname="p-1 fill-current stroke-current inline-block h-10 text-white"
          />
          <span
            class="sr-only"
          >
            National Kitchen and Bath Association
          </span>
        </a>
        <test-file-stub
          classname="p-1 fill-current stroke-current inline-block mx-2 h-20 text-white"
        />
        <a
          class="mx-2 px-3"
          href="https://www.houzz.com/professionals/kitchen-and-bath-designers/dana-snyder-ckd-pfvwus-pf~1099041723"
        >
          <test-file-stub
            classname="p-1 fill-current stroke-current inline-block h-10 text-white"
          />
          <span
            class="sr-only"
          >
            Houzz
          </span>
        </a>
      </div>
    </div>
    <div
      class="bg-gray-darkest px-2 py-6 text-xs text-center text-gray-light"
    >
      © 2020 Bluebird Cabinetry & Design LLC. All Rights Reserved.
    </div>
  </div>
</DocumentFragment>
`;
