// Jest Snapshot v1, https://goo.gl/fbAQLP

exports[`matches snapshot 1`] = `
<DocumentFragment>
  <a
    class="sr-only"
    href="#content"
  >
    Skip to content
  </a>
  <div
    class="Layout"
  >
    <header
      class="Header"
    >
      <nav
        class="DesktopNav grid-cols-6 lg:grid-cols-8"
      >
        <div
          class="HeaderLogo col-span-1 lg:col-span-2"
        >
          <a
            href="/"
          >
            <img
              alt="Bluebird Logo"
              class="Logo "
              src="test-file-stub"
            />
          </a>
        </div>
        <div
          class="HeaderNav col-span-5 lg:col-span-6"
        >
          <a
            class="Link"
            href="/"
          >
            Home
          </a>
          <a
            class="Link"
            href="/about"
          >
            About
          </a>
          <a
            class="Link"
            href="/services"
          >
            Services
          </a>
          <a
            class="Link"
            href="/portfolio"
          >
            Portfolio
          </a>
          <a
            class="Button"
            href="/contact"
          >
            Contact
          </a>
        </div>
      </nav>
    </header>
    <main
      id="content"
    />
    <div
      class="Footer text-center text-gray-light p-5"
    >
      <div>
        <img
          alt="Bluebird Logo"
          class="w-40 inline-block"
          src="test-file-stub"
        />
      </div>
      <div>
        Bluebird Cabinetry and Design
      </div>
    </div>
    <div
      class="bg-gray-darkest p-2 text-xs text-center text-gray-light"
    >
      © 2020 Bluebird Cabinetry & Design LLC. All Rights Reserved.
    </div>
  </div>
</DocumentFragment>
`;
