// Jest Snapshot v1, https://goo.gl/fbAQLP

exports[`matches snapshot 1`] = `
<DocumentFragment>
  <div
    class="Layout"
  >
    <header
      class="Header"
    >
      <nav
        class="Nav grid grid-cols-8 gap-3"
      >
        <div
          class="col-span-2"
        >
          Logo
        </div>
        <div
          class="col-span-6"
        >
          Nav
        </div>
      </nav>
    </header>
    <main />
    <div
      class="Footer"
    >
      <div
        class="Container"
      >
        Bluebird Cabinetry and Design
      </div>
    </div>
  </div>
</DocumentFragment>
`;
