// Jest Snapshot v1, https://goo.gl/fbAQLP

exports[`matches snapshot 1`] = `
<DocumentFragment>
  <div
    class="HeaderLogo "
  >
    <a
      href="/"
    >
      <img
        alt="Bluebird Logo"
        class="Logo "
        src="test-file-stub"
      />
    </a>
  </div>
</DocumentFragment>
`;
