// Jest Snapshot v1, https://goo.gl/fbAQLP

exports[`matches snapshot 1`] = `
<DocumentFragment>
  <div
    class="bg-blue-dark py-6"
  >
    <div
      class="Container"
    >
      <h2
        class="text-center text-white m-0 mb-3"
      >
        Publications
      </h2>
      <div
        class="flex justify-around flex-wrap lg:w-2/3 m-auto"
      >
        <div
          class="col-span-2 sm:col-span-3 md:col-start-2 text-center m-3"
        >
          <a
            class="text-white hover:text-gold inline-block"
            href="/shiloh-brochure-2017.pdf"
          >
            <test-file-stub
              classname="p-1 fill-current stroke-current inline-block h-16 mb-1"
            />
            <span
              class="font-sans text-lg font-medium block"
            >
              2017 National
              <br />
              Shiloh Brochure
            </span>
          </a>
        </div>
        <div
          class="col-span-2 sm:col-span-3 text-center m-3"
        >
          <a
            class="text-white hover:text-gold inline-block"
            href="/best-fine-homes-magazine-fall-2017.pdf"
          >
            <test-file-stub
              classname="p-1 fill-current stroke-current inline-block h-16 mb-1"
            />
            <span
              class="font-sans text-lg font-medium block"
            >
              BEST Fine Homes
              <br />
              Magazine
            </span>
          </a>
        </div>
        <div
          class="col-span-2 sm:col-span-3 text-center m-3"
        >
          <a
            class="text-white hover:text-gold inline-block"
            href="/shiloh-brochure-2019.pdf"
          >
            <test-file-stub
              classname="p-1 fill-current stroke-current inline-block h-16 mb-1"
            />
            <span
              class="font-sans text-lg font-medium block"
            >
              2019 National
              <br />
              Shiloh Brochure
            </span>
          </a>
        </div>
      </div>
    </div>
  </div>
</DocumentFragment>
`;
