// Jest Snapshot v1, https://goo.gl/fbAQLP

exports[`matches snapshot 1`] = `
<DocumentFragment>
  <header
    class="Header"
  >
    <nav
      class="Nav"
    >
      <div
        class="LogoWrapper"
        style="width: 200px;"
      >
        <img
          alt="Bluebird Logo"
          class="Logo"
          src="test-file-stub"
        />
      </div>
      <div
        class="Main"
      >
        <a
          class="NavLink"
          href="/"
        >
          Home
        </a>
        <a
          class="NavLink"
          href="/about"
        >
          About
        </a>
        <a
          class="NavLink"
          href="/services"
        >
          Services
        </a>
        <a
          class="NavLink"
          href="/portfolio"
        >
          Portfolio
        </a>
        <a
          class="Button"
          href="/contact"
        >
          Contact
        </a>
      </div>
    </nav>
  </header>
</DocumentFragment>
`;
