// Jest Snapshot v1, https://goo.gl/fbAQLP

exports[`matches snapshot 1`] = `
<DocumentFragment>
  <header
    class="Header"
  >
    <nav
      class="DesktopNav grid-cols-6 lg:grid-cols-8"
    >
      <div
        class="HeaderLogo col-span-1 lg:col-span-2"
      >
        <a
          href="/"
        >
          <img
            alt="Bluebird Logo"
            class="Logo "
            src="test-file-stub"
          />
        </a>
      </div>
      <div
        class="HeaderNav col-span-5 lg:col-span-6"
      >
        <a
          class="Link"
          href="/"
        >
          Home
        </a>
        <a
          class="Link"
          href="/about"
        >
          About
        </a>
        <a
          class="Link"
          href="/services"
        >
          Services
        </a>
        <a
          class="Link"
          href="/portfolio"
        >
          Portfolio
        </a>
        <a
          class="ButtonBlue Button"
          href="/contact"
        >
          Contact
        </a>
      </div>
    </nav>
  </header>
</DocumentFragment>
`;
