// Jest Snapshot v1, https://goo.gl/fbAQLP

exports[`matches snapshot 1`] = `
<DocumentFragment>
  <div
    class="Container py-6 "
  >
    <h2
      class="text-center"
    >
      Kind Words
    </h2>
    <div
      class="text-center"
    >
      <button
        class="ButtonBlue  focus:outline-none focus:ring"
        type="button"
      >
        Read More
      </button>
    </div>
  </div>
</DocumentFragment>
`;
