// Jest Snapshot v1, https://goo.gl/fbAQLP

exports[`matches snapshot 1`] = `
<DocumentFragment>
  <div
    class="Container py-16 undefined"
  >
    <h2
      class="text-center"
    >
      Kind Words
    </h2>
    <div
      class="Grid gap-3 items-center my-16"
    >
      <div
        class="flex justify-center"
      />
      <div
        class="relative leading-loose text-center border border-gray-light col-span-3 p-10 rounded-md"
      >
        <span
          class="font-sans text-4xl bg-white absolute top-0 inset-x-auto transform -translate-y-1/2 -translate-x-1/2 px-4"
        >
          “Beautiful”
        </span>
        <p
          class="m-0"
        >
          Lorem ipsum dolor sit amet, consectetur adipiscing elit, sed do eiusmod tempor incididunt ut labore et dolore magna aliqua.
        </p>
        <p
          class="m-0 italic text-gray-darker"
        >
          -Anon B.
        </p>
      </div>
      <div
        class="relative leading-loose text-center border border-gray-light col-span-3 p-10 rounded-md"
      >
        <span
          class="font-sans text-4xl bg-white absolute top-0 inset-x-auto transform -translate-y-1/2 -translate-x-1/2 px-4"
        >
          “Beautiful”
        </span>
        <p
          class="m-0"
        >
          Lorem ipsum dolor sit amet, consectetur adipiscing elit, sed do eiusmod tempor incididunt ut labore et dolore magna aliqua.
        </p>
        <p
          class="m-0 italic text-gray-darker"
        >
          -Anon B.
        </p>
      </div>
      <div
        class="flex justify-center"
        hidden=""
      />
    </div>
  </div>
</DocumentFragment>
`;
