// Jest Snapshot v1, https://goo.gl/fbAQLP

exports[`matches snapshot 1`] = `
<DocumentFragment>
  <div
    class="MobileNav"
  >
    <nav
      class="grid grid-cols-3 sm:grid-cols-6"
    >
      <div
        class="col-span-2 sm:col-span-5"
      >
        <a
          class="m-3 block"
          href="/"
        >
          <img
            alt="Bluebird Logo"
            class="Logo"
            src="test-file-stub"
          />
        </a>
      </div>
      <div
        class="col-start-3 sm:col-start-6 items-center justify-end flex"
      >
        <button
          class="flex items-center px-3 py-2 border rounded text-blue-dark hover:bg-white m-3"
        >
          <svg
            class="fill-current h-3 w-3"
            viewBox="0 0 20 20"
            xmlns="http://www.w3.org/2000/svg"
          >
            <title>
              Menu
            </title>
            <path
              d="M0 3h20v2H0V3zm0 6h20v2H0V9zm0 6h20v2H0v-2z"
            />
          </svg>
        </button>
      </div>
    </nav>
  </div>
</DocumentFragment>
`;
