// Jest Snapshot v1, https://goo.gl/fbAQLP

exports[`<ContactForm /> matches snapshot 1`] = `
<DocumentFragment>
  <div
    class="Container bg-gray-light py-12 my-12"
  >
    <div
      class="Grid gap-3"
    >
      <p
        class="col-span-3 sm:col-span-6 md:col-start-2 text-center text-blue-dark"
      >
        Please take a minute to tell us more about yourself and your project. We will be in contact soon!
      </p>
      <form
        action="#"
        class="block col-span-3 sm:col-span-6 md:col-start-2"
      >
        <label
          class="block relative pb-5 mb-2"
        >
          <span
            class="block text-blue-dark text-base ml-1 mb-1"
          >
            Name*
          </span>
          <input
            class="block w-full bg-white border border-gray-light px-3 py-3 pr-8 leading-tight font-sans text-base placeholder-gray-darker focus:outline-none focus:ring shadow-sm"
            name="name"
            placeholder="Jane Doe"
            type="text"
            value=""
          />
        </label>
        <label
          class="block relative pb-5 mb-2"
        >
          <span
            class="block text-blue-dark text-base ml-1 mb-1"
          >
            Phone Number
          </span>
          <input
            class="block w-full bg-white border border-gray-light px-3 py-3 pr-8 leading-tight font-sans text-base placeholder-gray-darker focus:outline-none focus:ring shadow-sm"
            name="phone"
            placeholder="555-555-5555"
            type="text"
            value=""
          />
        </label>
        <label
          class="block relative pb-5 mb-2"
        >
          <span
            class="block text-blue-dark text-base ml-1 mb-1"
          >
            Email*
          </span>
          <input
            class="block w-full bg-white border border-gray-light px-3 py-3 pr-8 leading-tight font-sans text-base placeholder-gray-darker focus:outline-none focus:ring shadow-sm"
            name="email"
            placeholder="jane@example.com"
            type="text"
            value=""
          />
        </label>
        <label
          class="SelectWrapper"
        >
          <span
            class="block text-blue-dark text-base ml-1 mb-1"
          >
            Budget
          </span>
          <div
            class="relative"
          >
            <select
              class="Select"
              name="budget"
            >
              <option
                class="Option"
                disabled=""
                value=""
              >
                Please select a budget...
              </option>
              <option
                class="Option"
                value="$0 to $10,000"
              >
                $0 to $10,000
              </option>
              <option
                class="Option"
                value="$11,000 to $25,000"
              >
                $11,000 to $25,000
              </option>
              <option
                class="Option"
                value="$26,000 to $50,000"
              >
                $26,000 to $50,000
              </option>
              <option
                class="Option"
                value="$51,000 to $75,000"
              >
                $51,000 to $75,000
              </option>
              <option
                class="Option"
                value="$76,000 to $100,000"
              >
                $76,000 to $100,000
              </option>
              <option
                class="Option"
                value="$100,000 plus"
              >
                $100,000 plus
              </option>
            </select>
            <div
              class="Arrow"
            >
              <svg
                class="fill-current h-4 w-4"
                viewBox="0 0 20 20"
                xmlns="http://www.w3.org/2000/svg"
              >
                <path
                  d="M9.293 12.95l.707.707L15.657 8l-1.414-1.414L10 10.828 5.757 6.586 4.343 8z"
                />
              </svg>
            </div>
          </div>
        </label>
        <label
          class="block relative pb-5 mb-2"
        >
          <span
            class="block text-blue-dark text-base ml-1 mb-1"
          >
            Areas of Interest
          </span>
          <input
            class="block w-full bg-white border border-gray-light px-3 py-3 pr-8 leading-tight font-sans text-base placeholder-gray-darker focus:outline-none focus:ring shadow-sm"
            name="interest"
            placeholder="cabinetry, remodeling, renovations, etc"
            type="text"
            value=""
          />
        </label>
        <label
          class="block relative pb-5 mb-2"
        >
          <span
            class="block text-blue-dark text-base ml-1 mb-1"
          >
            Message*
          </span>
          <textarea
            class="block w-full bg-white border border-gray-light px-3 py-3 pr-8 leading-tight font-sans text-base placeholder-gray-darker focus:outline-none focus:ring shadow-sm"
            name="message"
            rows="6"
          />
        </label>
        <input
          class="sr-only"
          name="username"
          value="some value"
        />
        <p
          class="-mt-2 ml-2 text-sm text-blue-dark"
        >
          Fields marked with * are required.
        </p>
        <div
          class="flex items-center justify-center mt-4"
        >
          <button
            class="ButtonBlue focus:outline-none focus:ring"
            type="submit"
          >
            Send
          </button>
        </div>
        <div
          class="text-center text-sm text-blue-dark p-8"
        >
          If you are a trade professional, see our
          <a
            href="/trade-services"
          >
             To The Trade Services 
          </a>
          page.
        </div>
      </form>
    </div>
  </div>
</DocumentFragment>
`;
